// Jest Snapshot v1, https://goo.gl/fbAQLP

exports[`Testing the <AppRouter/> should show the page home if it's authenticated 1`] = `
<header>
  Array [
    <nav
      className="sticky-top navbar navbar-expand-lg navbar-dark bg-dark py-0"
    >
      <div
        className="container-fluid"
      >
        <a
          aria-current="page"
          className="navbar-brand active"
          href="/"
          onClick={[Function]}
          style={Object {}}
        >
          <img
            alt="Brand"
            src="/assets/Brand.svg"
          />
        </a>
        <button
          aria-controls="navbarNav"
          aria-expanded="false"
          aria-label="Toggle navigation"
          className="navbar-toggler"
          data-bs-target="#navbarNav"
          data-bs-toggle="collapse"
          type="button"
        >
          <span
            className="navbar-toggler-icon"
          />
        </button>
        <div
          className="collapse navbar-collapse"
          id="navbarNav"
        >
          <ul
            className="navbar-nav"
          >
            <li
              className="nav-item"
            >
              <a
                aria-current={null}
                className="nav-link"
                href="/dc"
                onClick={[Function]}
              >
                DC Universe
              </a>
            </li>
            <li
              className="nav-item"
            >
              <a
                aria-current={null}
                className="nav-link"
                href="/marvel"
                onClick={[Function]}
              >
                Marvel Universe
              </a>
            </li>
            <li
              className="nav-item"
            >
              <a
                aria-current={null}
                className="nav-link"
                href="/search"
                onClick={[Function]}
              >
                Search
              </a>
            </li>
          </ul>
        </div>
        <div
          className="collapse navbar-collapse"
          id="navbarNav"
        >
          <ul
            className="navbar-nav ms-auto"
          >
            <li
              className="nav-item"
            >
              <button
                className="nav-link text-white fw-bold btn"
              >
                Walter
              </button>
            </li>
            <li
              className="nav-item"
            >
              <button
                className="btn btn-primary"
                onClick={[Function]}
              >
                Sign Out
              </button>
            </li>
          </ul>
        </div>
      </div>
    </nav>,
    <div
      className="container"
    >
      <div
        className="row"
      >
        <div
          className="home col d-flex flex-md-row flex-sm-column align-items-center justify-content-between"
        >
          <main>
            <h1>
              Frontend Developer
            </h1>
            <address>
              <strong>
                Walter Castro
              </strong>
              <strong
                className="d-block"
              >
                <a
                  href="mailto:walterkstro@gmail.com"
                >
                  walterkstro@gmail.com
                </a>
              </strong>
              <p>
                City Guatemala
              </p>
            </address>
          </main>
          <figure>
            <img
              alt="Code QR LinkedIn"
              src="/assets/linkedin.jpeg"
            />
          </figure>
        </div>
      </div>
    </div>,
  ]
</header>
`;

exports[`Testing the <AppRouter/> should show the page login, if it's authenticated 1`] = `
<header>
  <div
    className="container"
  >
    <div
      className="row my-5 justify-content-center"
    >
      <div
        className="col-4 col-md-2 col-md-offset-5"
      >
        <img
          alt="Brand"
          src="/assets/Brand.svg"
        />
      </div>
    </div>
    <div
      className="row justify-content-center"
    >
      <div
        className="col-12 col-md-6"
      >
        <form
          onSubmit={[Function]}
        >
          <div>
            <label
              className="col-sm-2 col-form-label"
              htmlFor="staticUsername"
            >
              Username
            </label>
            <div
              className="col-sm-10"
            >
              <input
                className="form-control"
                id="staticEmail"
                name="email"
                onChange={[Function]}
                placeholder="your username"
                type="text"
              />
            </div>
            <div
              className="form-text"
            >
              Any username
            </div>
          </div>
          <div
            className="mb-3"
          >
            <label
              className="col-sm-2 col-form-label"
              htmlFor="inputPassword"
            >
              Password
            </label>
            <div
              className="col-sm-10"
            >
              <input
                className="form-control"
                id="inputPassword"
                name="pass"
                onChange={[Function]}
                placeholder="********"
                type="password"
              />
              <div
                className="form-text"
              >
                Any password
              </div>
            </div>
          </div>
          <div>
            <button
              className="btn btn-primary"
              type="submit"
            >
              Log In
            </button>
          </div>
        </form>
      </div>
    </div>
  </div>
</header>
`;
